[22:41:18.649] [INFO] storybook v10.4.0
[22:41:19.761] [DEBUG] Getting package.json info for /Users/sebastiengagne/Apps/dwmc-web/package.json...
[22:41:19.778] [INFO] Storybook collects completely anonymous usage telemetry. We use it to shape Storybook's roadmap and prioritize features. You can learn more, including how to opt out, at https://storybook.js.org/telemetry
[22:41:20.712] [INFO] Starting...
[22:41:20.821] [DEBUG] Starting preview..
[22:41:20.916] [DEBUG] Using tsconfig paths for react-docgen
[22:41:20.916] [ERROR] Failed to build the preview
[22:41:20.919] [ERROR] [38;2;241;97;97mReferenceError: __dirname is not defined[39m
    at Object.viteFinal (file://./.storybook/main.ts:10:27)
    at file://./node_modules/storybook/dist/_node-chunks/chunk-WKCYHYMS.js:9190:36
    at async createViteServer (file://./node_modules/@storybook/builder-vite/dist/index.js:1575:21)
    at async Module.start (file://./node_modules/@storybook/builder-vite/dist/index.js:1606:17)
    at async storybookDevServer (file://./node_modules/storybook/dist/core-server/index.js:18917:158)
    at async buildOrThrow (file://./node_modules/storybook/dist/core-server/index.js:8205:12)
    at async buildDevStandalone (file://./node_modules/storybook/dist/core-server/index.js:19478:41)
    at async withTelemetry (file://./node_modules/storybook/dist/_node-chunks/chunk-OQIYQ5CW.js:655:12)
    at async dev (file://./node_modules/storybook/dist/bin/core.js:2736:3)
    at async _Command.<anonymous> (file://./node_modules/storybook/dist/bin/core.js:2806:92)
[22:41:20.919] [WARN] Broken build, fix the error above.
You may need to refresh the browser.
[22:41:36.653] [PROMPT] Would you like to send anonymous crash reports to improve Storybook and fix bugs faster? {"choice":false}